23:57:38 **** Incremental Build of configuration Debug for project carretera_coche ****
make -j16 all 
arm-none-eabi-gcc "../Core/Src/main.c" -mcpu=cortex-m4 -std=gnu11 -g3 -DDEBUG -DUSE_HAL_DRIVER -DSTM32F411xE -c -I../Core/Inc -I../Drivers/STM32F4xx_HAL_Driver/Inc -I../Drivers/STM32F4xx_HAL_Driver/Inc/Legacy -I../Drivers/CMSIS/Device/ST/STM32F4xx/Include -I../Drivers/CMSIS/Include -O0 -ffunction-sections -fdata-sections -Wall -fstack-usage -fcyclomatic-complexity -MMD -MP -MF"Core/Src/main.d" -MT"Core/Src/main.o" --specs=nano.specs -mfpu=fpv4-sp-d16 -mfloat-abi=hard -mthumb -o "Core/Src/main.o"
../Core/Src/main.c: In function 'main':
../Core/Src/main.c:135:41: warning: passing argument 2 of 'HAL_SPI_TransmitReceive' discards 'volatile' qualifier from pointer target type [-Wdiscarded-qualifiers]
  135 |         HAL_SPI_TransmitReceive(&hspi1, &car_position, &received_data, 1, HAL_MAX_DELAY);
      |                                         ^~~~~~~~~~~~~
In file included from ../Core/Inc/stm32f4xx_hal_conf.h:403,
                 from ../Drivers/STM32F4xx_HAL_Driver/Inc/stm32f4xx_hal.h:29,
                 from ../Core/Inc/main.h:30,
                 from ../Core/Src/main.c:20:
../Drivers/STM32F4xx_HAL_Driver/Inc/stm32f4xx_hal_spi.h:672:83: note: expected 'const uint8_t *' {aka 'const unsigned char *'} but argument is of type 'volatile uint8_t *' {aka 'volatile unsigned char *'}
  672 | HAL_StatusTypeDef HAL_SPI_TransmitReceive(SPI_HandleTypeDef *hspi, const uint8_t *pTxData, uint8_t *pRxData,
      |                                                                    ~~~~~~~~~~~~~~~^~~~~~~
arm-none-eabi-gcc -o "carretera_coche.elf" @"objects.list"   -mcpu=cortex-m4 -T"C:\Users\SIRO\Desktop\repositorios_stm32\Proyecto_SED\carretera_coche\STM32F411VETX_FLASH.ld" --specs=nosys.specs -Wl,-Map="carretera_coche.map" -Wl,--gc-sections -static --specs=nano.specs -mfpu=fpv4-sp-d16 -mfloat-abi=hard -mthumb -Wl,--start-group -lc -lm -Wl,--end-group
Finished building target: carretera_coche.elf
 
arm-none-eabi-size  carretera_coche.elf 
arm-none-eabi-objdump -h -S carretera_coche.elf  > "carretera_coche.list"
   text	   data	    bss	    dec	    hex	filename
  10600	     32	   1744	  12376	   3058	carretera_coche.elf
Finished building: default.size.stdout
 
Finished building: carretera_coche.list
 

23:57:53 Build Finished. 0 errors, 1 warnings. (took 15s.468ms)

